Customer{id=1; shop_id=1; shopify_id=3929512542362; accepts_marketing=false; email='jbax@univocity.com'; first_name='Jeronimo'; last_name='Backes'; phone=null}
