Product{
  id=1
  shop_id=1
  shopify_id=5664741327002
  disabled_at=null
  image_id=null
  name='Sock'
}
